ds1302.c:9:6:ds1302_main	16	static
ds1302.c:43:6:display_date_time	56	static
ds1302.c:55:6:init_date_time	4	static
ds1302.c:66:6:init_gpio_ds1302	4	static
ds1302.c:76:6:init_ds1302	8	static
ds1302.c:86:6:write_ds1302	16	static
ds1302.c:100:6:tx_ds1302	24	static
ds1302.c:130:6:clock_ds1302	4	static
ds1302.c:138:6:output_dataline_ds1302	4	static
ds1302.c:144:6:input_dataline_ds1302	4	static
ds1302.c:149:6:read_time_ds1302	8	static
ds1302.c:156:6:read_date_ds1302	8	static
ds1302.c:163:9:read_ds1302	24	static
ds1302.c:180:6:rx_ds1302	24	static
ds1302.c:211:9:bcd2dec	24	static
ds1302.c:227:9:dec2bcd	24	static
