main.c:115:1:__io_putchar	16	static
main.c:129:5:main	8	static
main.c:309:6:SystemClock_Config	88	static
main.c:354:13:MX_I2C1_Init	8	static
main.c:388:13:MX_I2C3_Init	8	static
main.c:422:13:MX_TIM2_Init	32	static
main.c:467:13:MX_TIM3_Init	64	static
main.c:526:13:MX_TIM5_Init	64	static
main.c:585:13:MX_TIM11_Init	8	static
main.c:616:13:MX_USART2_UART_Init	8	static
main.c:649:13:MX_GPIO_Init	48	static
main.c:729:6:StartDefaultTask	16	static
main.c:748:6:StartTask02	16	static
main.c:767:6:StartTask03	16	static
main.c:786:6:HAL_TIM_PeriodElapsedCallback	24	static
main.c:815:6:Error_Handler	4	static,ignoring_inline_asm
